Archive member included to satisfy reference by file (symbol)

c:/eclipse/cpp-neon/eclipse/plugins/fr.ac6.mcu.externaltools.arm-none.win32_1.7.0.201602121829/tools/compiler/bin/../lib/gcc/arm-none-eabi/5.2.1/armv6-m\libgcc.a(_udivsi3.o)
                              Application/User/main.o (__aeabi_uidiv)
c:/eclipse/cpp-neon/eclipse/plugins/fr.ac6.mcu.externaltools.arm-none.win32_1.7.0.201602121829/tools/compiler/bin/../lib/gcc/arm-none-eabi/5.2.1/armv6-m\libgcc.a(_dvmd_tls.o)
                              c:/eclipse/cpp-neon/eclipse/plugins/fr.ac6.mcu.externaltools.arm-none.win32_1.7.0.201602121829/tools/compiler/bin/../lib/gcc/arm-none-eabi/5.2.1/armv6-m\libgcc.a(_udivsi3.o) (__aeabi_idiv0)
c:/eclipse/cpp-neon/eclipse/plugins/fr.ac6.mcu.externaltools.arm-none.win32_1.7.0.201602121829/tools/compiler/bin/../lib/gcc/arm-none-eabi/5.2.1/armv6-m\libgcc.a(_fixunsdfsi.o)
                              Drivers/STM32L0xx_HAL_Driver/stm32l0xx_hal_uart.o (__aeabi_d2uiz)
c:/eclipse/cpp-neon/eclipse/plugins/fr.ac6.mcu.externaltools.arm-none.win32_1.7.0.201602121829/tools/compiler/bin/../lib/gcc/arm-none-eabi/5.2.1/armv6-m\libgcc.a(adddf3.o)
                              Application/User/main.o (__aeabi_dadd)
c:/eclipse/cpp-neon/eclipse/plugins/fr.ac6.mcu.externaltools.arm-none.win32_1.7.0.201602121829/tools/compiler/bin/../lib/gcc/arm-none-eabi/5.2.1/armv6-m\libgcc.a(divdf3.o)
                              Application/User/main.o (__aeabi_ddiv)
c:/eclipse/cpp-neon/eclipse/plugins/fr.ac6.mcu.externaltools.arm-none.win32_1.7.0.201602121829/tools/compiler/bin/../lib/gcc/arm-none-eabi/5.2.1/armv6-m\libgcc.a(muldf3.o)
                              Application/User/main.o (__aeabi_dmul)
c:/eclipse/cpp-neon/eclipse/plugins/fr.ac6.mcu.externaltools.arm-none.win32_1.7.0.201602121829/tools/compiler/bin/../lib/gcc/arm-none-eabi/5.2.1/armv6-m\libgcc.a(subdf3.o)
                              Application/User/main.o (__aeabi_dsub)
c:/eclipse/cpp-neon/eclipse/plugins/fr.ac6.mcu.externaltools.arm-none.win32_1.7.0.201602121829/tools/compiler/bin/../lib/gcc/arm-none-eabi/5.2.1/armv6-m\libgcc.a(fixdfsi.o)
                              Application/User/main.o (__aeabi_d2iz)
c:/eclipse/cpp-neon/eclipse/plugins/fr.ac6.mcu.externaltools.arm-none.win32_1.7.0.201602121829/tools/compiler/bin/../lib/gcc/arm-none-eabi/5.2.1/armv6-m\libgcc.a(floatsidf.o)
                              Application/User/main.o (__aeabi_i2d)
c:/eclipse/cpp-neon/eclipse/plugins/fr.ac6.mcu.externaltools.arm-none.win32_1.7.0.201602121829/tools/compiler/bin/../lib/gcc/arm-none-eabi/5.2.1/armv6-m\libgcc.a(floatunsidf.o)
                              Application/User/main.o (__aeabi_ui2d)
c:/eclipse/cpp-neon/eclipse/plugins/fr.ac6.mcu.externaltools.arm-none.win32_1.7.0.201602121829/tools/compiler/bin/../lib/gcc/arm-none-eabi/5.2.1/armv6-m\libgcc.a(_arm_cmpdf2.o)
                              c:/eclipse/cpp-neon/eclipse/plugins/fr.ac6.mcu.externaltools.arm-none.win32_1.7.0.201602121829/tools/compiler/bin/../lib/gcc/arm-none-eabi/5.2.1/armv6-m\libgcc.a(_fixunsdfsi.o) (__aeabi_dcmpge)
c:/eclipse/cpp-neon/eclipse/plugins/fr.ac6.mcu.externaltools.arm-none.win32_1.7.0.201602121829/tools/compiler/bin/../lib/gcc/arm-none-eabi/5.2.1/armv6-m\libgcc.a(_clzsi2.o)
                              c:/eclipse/cpp-neon/eclipse/plugins/fr.ac6.mcu.externaltools.arm-none.win32_1.7.0.201602121829/tools/compiler/bin/../lib/gcc/arm-none-eabi/5.2.1/armv6-m\libgcc.a(adddf3.o) (__clzsi2)
c:/eclipse/cpp-neon/eclipse/plugins/fr.ac6.mcu.externaltools.arm-none.win32_1.7.0.201602121829/tools/compiler/bin/../lib/gcc/arm-none-eabi/5.2.1/armv6-m\libgcc.a(eqdf2.o)
                              c:/eclipse/cpp-neon/eclipse/plugins/fr.ac6.mcu.externaltools.arm-none.win32_1.7.0.201602121829/tools/compiler/bin/../lib/gcc/arm-none-eabi/5.2.1/armv6-m\libgcc.a(_arm_cmpdf2.o) (__eqdf2)
c:/eclipse/cpp-neon/eclipse/plugins/fr.ac6.mcu.externaltools.arm-none.win32_1.7.0.201602121829/tools/compiler/bin/../lib/gcc/arm-none-eabi/5.2.1/armv6-m\libgcc.a(gedf2.o)
                              c:/eclipse/cpp-neon/eclipse/plugins/fr.ac6.mcu.externaltools.arm-none.win32_1.7.0.201602121829/tools/compiler/bin/../lib/gcc/arm-none-eabi/5.2.1/armv6-m\libgcc.a(_arm_cmpdf2.o) (__gedf2)
c:/eclipse/cpp-neon/eclipse/plugins/fr.ac6.mcu.externaltools.arm-none.win32_1.7.0.201602121829/tools/compiler/bin/../lib/gcc/arm-none-eabi/5.2.1/armv6-m\libgcc.a(ledf2.o)
                              c:/eclipse/cpp-neon/eclipse/plugins/fr.ac6.mcu.externaltools.arm-none.win32_1.7.0.201602121829/tools/compiler/bin/../lib/gcc/arm-none-eabi/5.2.1/armv6-m\libgcc.a(_arm_cmpdf2.o) (__ledf2)
c:/eclipse/cpp-neon/eclipse/plugins/fr.ac6.mcu.externaltools.arm-none.win32_1.7.0.201602121829/tools/compiler/bin/../lib/gcc/arm-none-eabi/5.2.1/../../../../arm-none-eabi/lib/armv6-m\libc_nano.a(lib_a-errno.o)
                              Application/User/main.o (__errno)
[...]
Memory Configuration

Name             Origin             Length             Attributes
FLASH            0x08000000         0x00008000         xr
RAM              0x20000000         0x00002000         xrw
*default*        0x00000000         0xffffffff

Linker script and memory map

LOAD c:/eclipse/cpp-neon/eclipse/plugins/fr.ac6.mcu.externaltools.arm-none.win32_1.7.0.201602121829/tools/compiler/bin/../lib/gcc/arm-none-eabi/5.2.1/armv6-m/crti.o
LOAD c:/eclipse/cpp-neon/eclipse/plugins/fr.ac6.mcu.externaltools.arm-none.win32_1.7.0.201602121829/tools/compiler/bin/../lib/gcc/arm-none-eabi/5.2.1/armv6-m/crtbegin.o
LOAD c:/eclipse/cpp-neon/eclipse/plugins/fr.ac6.mcu.externaltools.arm-none.win32_1.7.0.201602121829/tools/compiler/bin/../lib/gcc/arm-none-eabi/5.2.1/../../../../arm-none-eabi/lib/armv6-m/crt0.o
LOAD c:/eclipse/cpp-neon/eclipse/plugins/fr.ac6.mcu.externaltools.arm-none.win32_1.7.0.201602121829/tools/compiler/bin/../lib/gcc/arm-none-eabi/5.2.1/../../../../arm-none-eabi/lib/armv6-m\libm.a
LOAD Application/SW4STM32/startup_stm32l051xx.o
LOAD Application/User/gpio.o
LOAD Application/User/main.o
LOAD Application/User/spi.o
LOAD Application/User/stm32l0xx_hal_msp.o
LOAD Application/User/stm32l0xx_it.o
LOAD Application/User/tim.o
LOAD Application/User/usart.o
LOAD Drivers/CMSIS/system_stm32l0xx.o
LOAD Drivers/STM32L0xx_HAL_Driver/stm32l0xx_hal.o
LOAD Drivers/STM32L0xx_HAL_Driver/stm32l0xx_hal_cortex.o
LOAD Drivers/STM32L0xx_HAL_Driver/stm32l0xx_hal_dma.o
LOAD Drivers/STM32L0xx_HAL_Driver/stm32l0xx_hal_flash.o
LOAD Drivers/STM32L0xx_HAL_Driver/stm32l0xx_hal_flash_ex.o
LOAD Drivers/STM32L0xx_HAL_Driver/stm32l0xx_hal_flash_ramfunc.o
LOAD Drivers/STM32L0xx_HAL_Driver/stm32l0xx_hal_gpio.o
LOAD Drivers/STM32L0xx_HAL_Driver/stm32l0xx_hal_i2c.o
LOAD Drivers/STM32L0xx_HAL_Driver/stm32l0xx_hal_i2c_ex.o
LOAD Drivers/STM32L0xx_HAL_Driver/stm32l0xx_hal_pwr.o
LOAD Drivers/STM32L0xx_HAL_Driver/stm32l0xx_hal_pwr_ex.o
LOAD Drivers/STM32L0xx_HAL_Driver/stm32l0xx_hal_rcc.o
LOAD Drivers/STM32L0xx_HAL_Driver/stm32l0xx_hal_rcc_ex.o
LOAD Drivers/STM32L0xx_HAL_Driver/stm32l0xx_hal_rtc.o
LOAD Drivers/STM32L0xx_HAL_Driver/stm32l0xx_hal_rtc_ex.o
LOAD Drivers/STM32L0xx_HAL_Driver/stm32l0xx_hal_spi.o
LOAD Drivers/STM32L0xx_HAL_Driver/stm32l0xx_hal_tim.o
LOAD Drivers/STM32L0xx_HAL_Driver/stm32l0xx_hal_tim_ex.o
LOAD Drivers/STM32L0xx_HAL_Driver/stm32l0xx_hal_uart.o
LOAD Drivers/STM32L0xx_HAL_Driver/stm32l0xx_hal_uart_ex.o
START GROUP
LOAD c:/eclipse/cpp-neon/eclipse/plugins/fr.ac6.mcu.externaltools.arm-none.win32_1.7.0.201602121829/tools/compiler/bin/../lib/gcc/arm-none-eabi/5.2.1/armv6-m\libgcc.a
LOAD c:/eclipse/cpp-neon/eclipse/plugins/fr.ac6.mcu.externaltools.arm-none.win32_1.7.0.201602121829/tools/compiler/bin/../lib/gcc/arm-none-eabi/5.2.1/../../../../arm-none-eabi/lib/armv6-m\libc_nano.a
END GROUP
START GROUP
LOAD c:/eclipse/cpp-neon/eclipse/plugins/fr.ac6.mcu.externaltools.arm-none.win32_1.7.0.201602121829/tools/compiler/bin/../lib/gcc/arm-none-eabi/5.2.1/armv6-m\libgcc.a
LOAD c:/eclipse/cpp-neon/eclipse/plugins/fr.ac6.mcu.externaltools.arm-none.win32_1.7.0.201602121829/tools/compiler/bin/../lib/gcc/arm-none-eabi/5.2.1/../../../../arm-none-eabi/lib/armv6-m\libc_nano.a
LOAD c:/eclipse/cpp-neon/eclipse/plugins/fr.ac6.mcu.externaltools.arm-none.win32_1.7.0.201602121829/tools/compiler/bin/../lib/gcc/arm-none-eabi/5.2.1/../../../../arm-none-eabi/lib/armv6-m\libnosys.a
END GROUP
START GROUP
LOAD c:/eclipse/cpp-neon/eclipse/plugins/fr.ac6.mcu.externaltools.arm-none.win32_1.7.0.201602121829/tools/compiler/bin/../lib/gcc/arm-none-eabi/5.2.1/armv6-m\libgcc.a
LOAD c:/eclipse/cpp-neon/eclipse/plugins/fr.ac6.mcu.externaltools.arm-none.win32_1.7.0.201602121829/tools/compiler/bin/../lib/gcc/arm-none-eabi/5.2.1/../../../../arm-none-eabi/lib/armv6-m\libc_nano.a
LOAD c:/eclipse/cpp-neon/eclipse/plugins/fr.ac6.mcu.externaltools.arm-none.win32_1.7.0.201602121829/tools/compiler/bin/../lib/gcc/arm-none-eabi/5.2.1/../../../../arm-none-eabi/lib/armv6-m\libnosys.a
END GROUP
LOAD c:/eclipse/cpp-neon/eclipse/plugins/fr.ac6.mcu.externaltools.arm-none.win32_1.7.0.201602121829/tools/compiler/bin/../lib/gcc/arm-none-eabi/5.2.1/armv6-m/crtend.o
LOAD c:/eclipse/cpp-neon/eclipse/plugins/fr.ac6.mcu.externaltools.arm-none.win32_1.7.0.201602121829/tools/compiler/bin/../lib/gcc/arm-none-eabi/5.2.1/armv6-m/crtn.o
                0x20002000                _estack = 0x20002000
                0x00000400                _Min_Heap_Size = 0x400
                0x00000200                _Min_Stack_Size = 0x200

.isr_vector     0x08000000       0xc0
                0x08000000                . = ALIGN (0x4)
 *(.isr_vector)
 .isr_vector    0x08000000       0xc0 Application/SW4STM32/startup_stm32l051xx.o
                0x08000000                g_pfnVectors
                0x080000c0                . = ALIGN (0x4)

.text           0x080000c0     0x5d3c
                0x080000c0                . = ALIGN (0x4)
 *(.text)
 .text          0x080000c0       0xb4 c:/eclipse/cpp-neon/eclipse/plugins/fr.ac6.mcu.externaltools.arm-none.win32_1.7.0.201602121829/tools/compiler/bin/../lib/gcc/arm-none-eabi/5.2.1/armv6-m/crtbegin.o
 .text          0x08000174      0x114 c:/eclipse/cpp-neon/eclipse/plugins/fr.ac6.mcu.externaltools.arm-none.win32_1.7.0.201602121829/tools/compiler/bin/../lib/gcc/arm-none-eabi/5.2.1/armv6-m\libgcc.a(_udivsi3.o)
                0x08000174                __aeabi_uidiv
                0x08000174                __udivsi3
                0x08000280                __aeabi_uidivmod
 .text          0x08000288        0x4 c:/eclipse/cpp-neon/eclipse/plugins/fr.ac6.mcu.externaltools.arm-none.win32_1.7.0.201602121829/tools/compiler/bin/../lib/gcc/arm-none-eabi/5.2.1/armv6-m\libgcc.a(_dvmd_tls.o)
                0x08000288                __aeabi_idiv0
                0x08000288                __aeabi_ldiv0
 .text          0x0800028c       0x3c c:/eclipse/cpp-neon/eclipse/plugins/fr.ac6.mcu.externaltools.arm-none.win32_1.7.0.201602121829/tools/compiler/bin/../lib/gcc/arm-none-eabi/5.2.1/armv6-m\libgcc.a(_fixunsdfsi.o)
                0x0800028c                __aeabi_d2uiz
                0x0800028c                __fixunsdfsi
 .text          0x080002c8      0x658 c:/eclipse/cpp-neon/eclipse/plugins/fr.ac6.mcu.externaltools.arm-none.win32_1.7.0.201602121829/tools/compiler/bin/../lib/gcc/arm-none-eabi/5.2.1/armv6-m\libgcc.a(adddf3.o)
                0x080002c8                __aeabi_dadd
 .text          0x08000920      0x62c c:/eclipse/cpp-neon/eclipse/plugins/fr.ac6.mcu.externaltools.arm-none.win32_1.7.0.201602121829/tools/compiler/bin/../lib/gcc/arm-none-eabi/5.2.1/armv6-m\libgcc.a(divdf3.o)
                0x08000920                __aeabi_ddiv
 .text          0x08000f4c      0x4f4 c:/eclipse/cpp-neon/eclipse/plugins/fr.ac6.mcu.externaltools.arm-none.win32_1.7.0.201602121829/tools/compiler/bin/../lib/gcc/arm-none-eabi/5.2.1/armv6-m\libgcc.a(muldf3.o)
                0x08000f4c                __aeabi_dmul
 .text          0x08001440      0x6a8 c:/eclipse/cpp-neon/eclipse/plugins/fr.ac6.mcu.externaltools.arm-none.win32_1.7.0.201602121829/tools/compiler/bin/../lib/gcc/arm-none-eabi/5.2.1/armv6-m\libgcc.a(subdf3.o)
                0x08001440                __aeabi_dsub
 .text          0x08001ae8       0x6c c:/eclipse/cpp-neon/eclipse/plugins/fr.ac6.mcu.externaltools.arm-none.win32_1.7.0.201602121829/tools/compiler/bin/../lib/gcc/arm-none-eabi/5.2.1/armv6-m\libgcc.a(fixdfsi.o)
                0x08001ae8                __aeabi_d2iz
 .text          0x08001b54       0x84 c:/eclipse/cpp-neon/eclipse/plugins/fr.ac6.mcu.externaltools.arm-none.win32_1.7.0.201602121829/tools/compiler/bin/../lib/gcc/arm-none-eabi/5.2.1/armv6-m\libgcc.a(floatsidf.o)
                0x08001b54                __aeabi_i2d
 .text          0x08001bd8       0x70 c:/eclipse/cpp-neon/eclipse/plugins/fr.ac6.mcu.externaltools.arm-none.win32_1.7.0.201602121829/tools/compiler/bin/../lib/gcc/arm-none-eabi/5.2.1/armv6-m\libgcc.a(floatunsidf.o)
                0x08001bd8                __aeabi_ui2d
 .text          0x08001c48       0x7c c:/eclipse/cpp-neon/eclipse/plugins/fr.ac6.mcu.externaltools.arm-none.win32_1.7.0.201602121829/tools/compiler/bin/../lib/gcc/arm-none-eabi/5.2.1/armv6-m\libgcc.a(_arm_cmpdf2.o)
                0x08001c48                __aeabi_cdrcmple
                0x08001c58                __aeabi_cdcmple
                0x08001c58                __aeabi_cdcmpeq
                0x08001c68                __aeabi_dcmpeq
                0x08001c74                __aeabi_dcmplt
                0x08001c88                __aeabi_dcmple
                0x08001c9c                __aeabi_dcmpgt
                0x08001cb0                __aeabi_dcmpge
 .text          0x08001cc4       0x3c c:/eclipse/cpp-neon/eclipse/plugins/fr.ac6.mcu.externaltools.arm-none.win32_1.7.0.201602121829/tools/compiler/bin/../lib/gcc/arm-none-eabi/5.2.1/armv6-m\libgcc.a(_clzsi2.o)
                0x08001cc4                __clzsi2
 .text          0x08001d00       0x80 c:/eclipse/cpp-neon/eclipse/plugins/fr.ac6.mcu.externaltools.arm-none.win32_1.7.0.201602121829/tools/compiler/bin/../lib/gcc/arm-none-eabi/5.2.1/armv6-m\libgcc.a(eqdf2.o)
                0x08001d00                __nedf2
                0x08001d00                __eqdf2
 .text          0x08001d80       0xc8 c:/eclipse/cpp-neon/eclipse/plugins/fr.ac6.mcu.externaltools.arm-none.win32_1.7.0.201602121829/tools/compiler/bin/../lib/gcc/arm-none-eabi/5.2.1/armv6-m\libgcc.a(gedf2.o)
                0x08001d80                __gedf2
                0x08001d80                __gtdf2
 .text          0x08001e48       0xd4 c:/eclipse/cpp-neon/eclipse/plugins/fr.ac6.mcu.externaltools.arm-none.win32_1.7.0.201602121829/tools/compiler/bin/../lib/gcc/arm-none-eabi/5.2.1/armv6-m\libgcc.a(ledf2.o)
                0x08001e48                __ledf2
                0x08001e48                __ltdf2
 *(.text*)
 .text.Reset_Handler
                0x08001f1c       0x50 Application/SW4STM32/startup_stm32l051xx.o
                0x08001f1c                Reset_Handler
 .text.Default_Handler
                0x08001f6c        0x2 Application/SW4STM32/startup_stm32l051xx.o
                0x08001f6c                HardFault_Handler
                0x08001f6c                ADC1_COMP_IRQHandler
                0x08001f6c                TIM6_IRQHandler
                0x08001f6c                PVD_IRQHandler
                0x08001f6c                PendSV_Handler
                0x08001f6c                NMI_Handler
                0x08001f6c                I2C1_IRQHandler
                0x08001f6c                SPI1_IRQHandler
                0x08001f6c                EXTI2_3_IRQHandler
                0x08001f6c                I2C2_IRQHandler
                0x08001f6c                RTC_IRQHandler
                0x08001f6c                DMA1_Channel4_5_6_7_IRQHandler
                0x08001f6c                EXTI4_15_IRQHandler
                0x08001f6c                RCC_IRQHandler
                0x08001f6c                DMA1_Channel1_IRQHandler
                0x08001f6c                Default_Handler
                0x08001f6c                TIM22_IRQHandler
                0x08001f6c                EXTI0_1_IRQHandler
                0x08001f6c                SVC_Handler
                0x08001f6c                TIM21_IRQHandler
                0x08001f6c                WWDG_IRQHandler
                0x08001f6c                LPUART1_IRQHandler
                0x08001f6c                TIM2_IRQHandler
                0x08001f6c                DMA1_Channel2_3_IRQHandler
                0x08001f6c                USART2_IRQHandler
                0x08001f6c                FLASH_IRQHandler
                0x08001f6c                USART1_IRQHandler
                0x08001f6c                LPTIM1_IRQHandler
 *fill*         0x08001f6e        0x2 
 .text.MX_GPIO_Init
                0x08001f70      0x1f8 Application/User/gpio.o
                0x08001f70                MX_GPIO_Init
 .text.main     0x08002168      0x8e0 Application/User/main.o
                0x08002168                main
 .text.SystemClock_Config
                0x08002a48       0xf4 Application/User/main.o
                0x08002a48                SystemClock_Config
 .text.reset_ads1220_1
                0x08002b3c      0x180 Application/User/main.o
                0x08002b3c                reset_ads1220_1
 .text.reset_ads1220_2
                0x08002cbc      0x16c Application/User/main.o
                0x08002cbc                reset_ads1220_2
 .text.readConfiguration_ads1220_1
                0x08002e28      0x128 Application/User/main.o
                0x08002e28                readConfiguration_ads1220_1
 .text.readConfiguration_ads1220_2
                0x08002f50      0x128 Application/User/main.o
                0x08002f50                readConfiguration_ads1220_2
 .text.read_adc1
                0x08003078      0x140 Application/User/main.o
                0x08003078                read_adc1
 .text.read_adc2
                0x080031b8      0x158 Application/User/main.o
                0x080031b8                read_adc2
 .text.MX_SPI1_Init
                0x08003310       0x64 Application/User/spi.o
                0x08003310                MX_SPI1_Init
 .text.MX_SPI2_Init
                0x08003374       0x6c Application/User/spi.o
                0x08003374                MX_SPI2_Init
 .text.HAL_SPI_MspInit
                0x080033e0       0xc0 Application/User/spi.o
                0x080033e0                HAL_SPI_MspInit
 .text.HAL_MspInit
                0x080034a0       0x28 Application/User/stm32l0xx_hal_msp.o
                0x080034a0                HAL_MspInit
 .text.SysTick_Handler
                0x080034c8       0x10 Application/User/stm32l0xx_it.o
                0x080034c8                SysTick_Handler
 .text.SPI2_IRQHandler
                0x080034d8      0x118 Application/User/stm32l0xx_it.o
                0x080034d8                SPI2_IRQHandler
 .text.MX_TIM2_Init
                0x080035f0       0x68 Application/User/tim.o
                0x080035f0                MX_TIM2_Init
 .text.HAL_TIM_Base_MspInit
                0x08003658       0x2c Application/User/tim.o
                0x08003658                HAL_TIM_Base_MspInit
 .text.MX_USART1_UART_Init
                0x08003684       0x58 Application/User/usart.o
                0x08003684                MX_USART1_UART_Init
 .text.HAL_UART_MspInit
                0x080036dc       0x68 Application/User/usart.o
                0x080036dc                HAL_UART_MspInit
 .text.SystemInit
                0x08003744       0x78 Drivers/CMSIS/system_stm32l0xx.o
                0x08003744                SystemInit
 .text.HAL_Init
                0x080037bc       0x28 Drivers/STM32L0xx_HAL_Driver/stm32l0xx_hal.o
                0x080037bc                HAL_Init
 .text.HAL_InitTick
                0x080037e4       0x3c Drivers/STM32L0xx_HAL_Driver/stm32l0xx_hal.o
                0x080037e4                HAL_InitTick
 .text.HAL_IncTick
                0x08003820       0x18 Drivers/STM32L0xx_HAL_Driver/stm32l0xx_hal.o
                0x08003820                HAL_IncTick
 .text.HAL_GetTick
                0x08003838       0x14 Drivers/STM32L0xx_HAL_Driver/stm32l0xx_hal.o
                0x08003838                HAL_GetTick
 .text.HAL_Delay
                0x0800384c       0x2c Drivers/STM32L0xx_HAL_Driver/stm32l0xx_hal.o
                0x0800384c                HAL_Delay
 .text.NVIC_EnableIRQ
                0x08003878       0x2c Drivers/STM32L0xx_HAL_Driver/stm32l0xx_hal_cortex.o
 .text.NVIC_SetPriority
                0x080038a4       0xd4 Drivers/STM32L0xx_HAL_Driver/stm32l0xx_hal_cortex.o
 .text.SysTick_Config
                0x08003978       0x48 Drivers/STM32L0xx_HAL_Driver/stm32l0xx_hal_cortex.o
 .text.HAL_NVIC_SetPriority
                0x080039c0       0x2c Drivers/STM32L0xx_HAL_Driver/stm32l0xx_hal_cortex.o
                0x080039c0                HAL_NVIC_SetPriority
 .text.HAL_NVIC_EnableIRQ
                0x080039ec       0x20 Drivers/STM32L0xx_HAL_Driver/stm32l0xx_hal_cortex.o
                0x080039ec                HAL_NVIC_EnableIRQ
 .text.HAL_SYSTICK_Config
                0x08003a0c       0x1c Drivers/STM32L0xx_HAL_Driver/stm32l0xx_hal_cortex.o
                0x08003a0c                HAL_SYSTICK_Config
 .text.HAL_SYSTICK_CLKSourceConfig
                0x08003a28       0x34 Drivers/STM32L0xx_HAL_Driver/stm32l0xx_hal_cortex.o
                0x08003a28                HAL_SYSTICK_CLKSourceConfig
 .text.HAL_SYSTICK_IRQHandler
                0x08003a5c        0xc Drivers/STM32L0xx_HAL_Driver/stm32l0xx_hal_cortex.o
                0x08003a5c                HAL_SYSTICK_IRQHandler
 .text.HAL_SYSTICK_Callback
                0x08003a68        0x8 Drivers/STM32L0xx_HAL_Driver/stm32l0xx_hal_cortex.o
                0x08003a68                HAL_SYSTICK_Callback
 .text.HAL_GPIO_Init
                0x08003a70      0x2e0 Drivers/STM32L0xx_HAL_Driver/stm32l0xx_hal_gpio.o
                0x08003a70                HAL_GPIO_Init
 .text.HAL_GPIO_ReadPin
                0x08003d50       0x3c Drivers/STM32L0xx_HAL_Driver/stm32l0xx_hal_gpio.o
                0x08003d50                HAL_GPIO_ReadPin
 .text.HAL_GPIO_WritePin
                0x08003d8c       0x38 Drivers/STM32L0xx_HAL_Driver/stm32l0xx_hal_gpio.o
                0x08003d8c                HAL_GPIO_WritePin
 .text.HAL_GPIO_TogglePin
                0x08003dc4       0x24 Drivers/STM32L0xx_HAL_Driver/stm32l0xx_hal_gpio.o
                0x08003dc4                HAL_GPIO_TogglePin
 .text.HAL_RCC_OscConfig
                0x08003de8      0x648 Drivers/STM32L0xx_HAL_Driver/stm32l0xx_hal_rcc.o
                0x08003de8                HAL_RCC_OscConfig
 .text.HAL_RCC_ClockConfig
                0x08004430      0x210 Drivers/STM32L0xx_HAL_Driver/stm32l0xx_hal_rcc.o
                0x08004430                HAL_RCC_ClockConfig
 .text.HAL_RCC_GetSysClockFreq
                0x08004640      0x124 Drivers/STM32L0xx_HAL_Driver/stm32l0xx_hal_rcc.o
                0x08004640                HAL_RCC_GetSysClockFreq
 .text.HAL_RCC_GetHCLKFreq
                0x08004764       0x38 Drivers/STM32L0xx_HAL_Driver/stm32l0xx_hal_rcc.o
                0x08004764                HAL_RCC_GetHCLKFreq
 .text.HAL_RCC_GetPCLK1Freq
                0x0800479c       0x2c Drivers/STM32L0xx_HAL_Driver/stm32l0xx_hal_rcc.o
                0x0800479c                HAL_RCC_GetPCLK1Freq
 .text.HAL_RCC_GetPCLK2Freq
                0x080047c8       0x2c Drivers/STM32L0xx_HAL_Driver/stm32l0xx_hal_rcc.o
                0x080047c8                HAL_RCC_GetPCLK2Freq
 .text.HAL_RCCEx_PeriphCLKConfig
                0x080047f4      0x214 Drivers/STM32L0xx_HAL_Driver/stm32l0xx_hal_rcc_ex.o
                0x080047f4                HAL_RCCEx_PeriphCLKConfig
 .text.HAL_SPI_Init
                0x08004a08       0xd4 Drivers/STM32L0xx_HAL_Driver/stm32l0xx_hal_spi.o
                0x08004a08                HAL_SPI_Init
 .text.HAL_TIM_Base_Init
                0x08004adc       0x58 Drivers/STM32L0xx_HAL_Driver/stm32l0xx_hal_tim.o
                0x08004adc                HAL_TIM_Base_Init
 .text.HAL_TIM_ConfigClockSource
                0x08004b34      0x1cc Drivers/STM32L0xx_HAL_Driver/stm32l0xx_hal_tim.o
                0x08004b34                HAL_TIM_ConfigClockSource
 .text.TIM_Base_SetConfig
                0x08004d00       0xb0 Drivers/STM32L0xx_HAL_Driver/stm32l0xx_hal_tim.o
 .text.TIM_TI1_ConfigInputStage
                0x08004db0       0x64 Drivers/STM32L0xx_HAL_Driver/stm32l0xx_hal_tim.o
 .text.TIM_TI2_ConfigInputStage
                0x08004e14       0x68 Drivers/STM32L0xx_HAL_Driver/stm32l0xx_hal_tim.o
 .text.TIM_ITRx_SetConfig
                0x08004e7c       0x40 Drivers/STM32L0xx_HAL_Driver/stm32l0xx_hal_tim.o
 .text.TIM_ETR_SetConfig
                0x08004ebc       0x44 Drivers/STM32L0xx_HAL_Driver/stm32l0xx_hal_tim.o
 .text.HAL_TIMEx_MasterConfigSynchronization
                0x08004f00       0x88 Drivers/STM32L0xx_HAL_Driver/stm32l0xx_hal_tim_ex.o
                0x08004f00                HAL_TIMEx_MasterConfigSynchronization
 .text.HAL_UART_Init
                0x08004f88       0xa4 Drivers/STM32L0xx_HAL_Driver/stm32l0xx_hal_uart.o
                0x08004f88                HAL_UART_Init
 .text.UART_SetConfig
                0x0800502c      0x4d0 Drivers/STM32L0xx_HAL_Driver/stm32l0xx_hal_uart.o
                0x0800502c                UART_SetConfig
 .text.UART_CheckIdleState
                0x080054fc       0x7c Drivers/STM32L0xx_HAL_Driver/stm32l0xx_hal_uart.o
                0x080054fc                UART_CheckIdleState
 .text.UART_AdvFeatureConfig
                0x08005578      0x154 Drivers/STM32L0xx_HAL_Driver/stm32l0xx_hal_uart.o
                0x08005578                UART_AdvFeatureConfig
 .text.UART_WaitOnFlagUntilTimeout
                0x080056cc      0x138 Drivers/STM32L0xx_HAL_Driver/stm32l0xx_hal_uart.o
                0x080056cc                UART_WaitOnFlagUntilTimeout
 .text.__errno  0x08005804        0xc c:/eclipse/cpp-neon/eclipse/plugins/fr.ac6.mcu.externaltools.arm-none.win32_1.7.0.201602121829/tools/compiler/bin/../lib/gcc/arm-none-eabi/5.2.1/../../../../arm-none-eabi/lib/armv6-m\libc_nano.a(lib_a-errno.o)
                0x08005804                __errno
 .text.__libc_init_array
                0x08005810       0x4c c:/eclipse/cpp-neon/eclipse/plugins/fr.ac6.mcu.externaltools.arm-none.win32_1.7.0.201602121829/tools/compiler/bin/../lib/gcc/arm-none-eabi/5.2.1/../../../../arm-none-eabi/lib/armv6-m\libc_nano.a(lib_a-init.o)
                0x08005810                __libc_init_array
 .text.log      0x0800585c      0x118 c:/eclipse/cpp-neon/eclipse/plugins/fr.ac6.mcu.externaltools.arm-none.win32_1.7.0.201602121829/tools/compiler/bin/../lib/gcc/arm-none-eabi/5.2.1/../../../../arm-none-eabi/lib/armv6-m\libm.a(lib_a-w_log.o)
                0x0800585c                log
 .text.__ieee754_log
                0x08005974      0x404 c:/eclipse/cpp-neon/eclipse/plugins/fr.ac6.mcu.externaltools.arm-none.win32_1.7.0.201602121829/tools/compiler/bin/../lib/gcc/arm-none-eabi/5.2.1/../../../../arm-none-eabi/lib/armv6-m\libm.a(lib_a-e_log.o)
                0x08005974                __ieee754_log
 .text.__fpclassifyd
                0x08005d78       0x5c c:/eclipse/cpp-neon/eclipse/plugins/fr.ac6.mcu.externaltools.arm-none.win32_1.7.0.201602121829/tools/compiler/bin/../lib/gcc/arm-none-eabi/5.2.1/../../../../arm-none-eabi/lib/armv6-m\libm.a(lib_a-s_fpclassify.o)
                0x08005d78                __fpclassifyd
 .text.matherr  0x08005dd4        0x4 c:/eclipse/cpp-neon/eclipse/plugins/fr.ac6.mcu.externaltools.arm-none.win32_1.7.0.201602121829/tools/compiler/bin/../lib/gcc/arm-none-eabi/5.2.1/../../../../arm-none-eabi/lib/armv6-m\libm.a(lib_a-s_matherr.o)
                0x08005dd4                matherr
 .text.nan      0x08005dd8        0xc c:/eclipse/cpp-neon/eclipse/plugins/fr.ac6.mcu.externaltools.arm-none.win32_1.7.0.201602121829/tools/compiler/bin/../lib/gcc/arm-none-eabi/5.2.1/../../../../arm-none-eabi/lib/armv6-m\libm.a(lib_a-s_nan.o)
                0x08005dd8                nan
 *(.glue_7)
 .glue_7        0x08005de4        0x0 linker stubs
 *(.glue_7t)
 .glue_7t       0x08005de4        0x0 linker stubs
 *(.eh_frame)
 .eh_frame      0x08005de4        0x0 c:/eclipse/cpp-neon/eclipse/plugins/fr.ac6.mcu.externaltools.arm-none.win32_1.7.0.201602121829/tools/compiler/bin/../lib/gcc/arm-none-eabi/5.2.1/armv6-m/crtbegin.o
 *(.init)
 .init          0x08005de4        0x4 c:/eclipse/cpp-neon/eclipse/plugins/fr.ac6.mcu.externaltools.arm-none.win32_1.7.0.201602121829/tools/compiler/bin/../lib/gcc/arm-none-eabi/5.2.1/armv6-m/crti.o
                0x08005de4                _init
 .init          0x08005de8        0x8 c:/eclipse/cpp-neon/eclipse/plugins/fr.ac6.mcu.externaltools.arm-none.win32_1.7.0.201602121829/tools/compiler/bin/../lib/gcc/arm-none-eabi/5.2.1/armv6-m/crtn.o
 *(.fini)
 .fini          0x08005df0        0x4 c:/eclipse/cpp-neon/eclipse/plugins/fr.ac6.mcu.externaltools.arm-none.win32_1.7.0.201602121829/tools/compiler/bin/../lib/gcc/arm-none-eabi/5.2.1/armv6-m/crti.o
                0x08005df0                _fini
 .fini          0x08005df4        0x8 c:/eclipse/cpp-neon/eclipse/plugins/fr.ac6.mcu.externaltools.arm-none.win32_1.7.0.201602121829/tools/compiler/bin/../lib/gcc/arm-none-eabi/5.2.1/armv6-m/crtn.o
                0x08005dfc                . = ALIGN (0x4)
                0x08005dfc                _etext = .

.vfp11_veneer   0x08005dfc        0x0
 .vfp11_veneer  0x08005dfc        0x0 linker stubs

.v4_bx          0x08005dfc        0x0
 .v4_bx         0x08005dfc        0x0 linker stubs

.iplt           0x08005dfc        0x0
 .iplt          0x08005dfc        0x0 c:/eclipse/cpp-neon/eclipse/plugins/fr.ac6.mcu.externaltools.arm-none.win32_1.7.0.201602121829/tools/compiler/bin/../lib/gcc/arm-none-eabi/5.2.1/armv6-m/crtbegin.o

.rodata         0x08005e00      0x158
                0x08005e00                . = ALIGN (0x4)
 *(.rodata)
 .rodata        0x08005e00       0x58 Application/User/main.o
                0x08005e00                pin
                0x08005e20                A
                0x08005e28                B
                0x08005e30                C
                0x08005e38                a
                0x08005e40                b
                0x08005e48                c
                0x08005e50                K
 .rodata        0x08005e58       0x1c Drivers/CMSIS/system_stm32l0xx.o
                0x08005e58                AHBPrescTable
                0x08005e68                PLLMulTable
 .rodata        0x08005e74       0x10 Drivers/STM32L0xx_HAL_Driver/stm32l0xx_hal_rcc.o
 .rodata        0x08005e84       0x48 Drivers/STM32L0xx_HAL_Driver/stm32l0xx_hal_uart.o
 .rodata        0x08005ecc       0x40 c:/eclipse/cpp-neon/eclipse/plugins/fr.ac6.mcu.externaltools.arm-none.win32_1.7.0.201602121829/tools/compiler/bin/../lib/gcc/arm-none-eabi/5.2.1/armv6-m\libgcc.a(divdf3.o)
 .rodata        0x08005f0c       0x40 c:/eclipse/cpp-neon/eclipse/plugins/fr.ac6.mcu.externaltools.arm-none.win32_1.7.0.201602121829/tools/compiler/bin/../lib/gcc/arm-none-eabi/5.2.1/armv6-m\libgcc.a(muldf3.o)
 *(.rodata*)
 .rodata.str1.1
                0x08005f4c        0x2 c:/eclipse/cpp-neon/eclipse/plugins/fr.ac6.mcu.externaltools.arm-none.win32_1.7.0.201602121829/tools/compiler/bin/../lib/gcc/arm-none-eabi/5.2.1/../../../../arm-none-eabi/lib/armv6-m\libc_nano.a(lib_a-impure.o)
 *fill*         0x08005f4e        0x2 
 .rodata.str1.4
                0x08005f50        0x8 c:/eclipse/cpp-neon/eclipse/plugins/fr.ac6.mcu.externaltools.arm-none.win32_1.7.0.201602121829/tools/compiler/bin/../lib/gcc/arm-none-eabi/5.2.1/../../../../arm-none-eabi/lib/armv6-m\libm.a(lib_a-w_log.o)
                                  0x5 (size before relaxing)
                0x08005f58                . = ALIGN (0x4)

.rel.dyn        0x08005f58        0x0
 .rel.iplt      0x08005f58        0x0 c:/eclipse/cpp-neon/eclipse/plugins/fr.ac6.mcu.externaltools.arm-none.win32_1.7.0.201602121829/tools/compiler/bin/../lib/gcc/arm-none-eabi/5.2.1/armv6-m/crtbegin.o

.ARM.extab
 *(.ARM.extab* .gnu.linkonce.armextab.*)

.ARM            0x08005f58        0x0
                0x08005f58                __exidx_start = .
 *(.ARM.exidx*)
                0x08005f58                __exidx_end = .

.preinit_array  0x08005f58        0x0
                0x08005f58                PROVIDE (__preinit_array_start, .)
 *(.preinit_array*)
                0x08005f58                PROVIDE (__preinit_array_end, .)

.init_array     0x08005f58        0x4
                0x08005f58                PROVIDE (__init_array_start, .)
 *(SORT(.init_array.*))
 *(.init_array*)
 .init_array    0x08005f58        0x4 c:/eclipse/cpp-neon/eclipse/plugins/fr.ac6.mcu.externaltools.arm-none.win32_1.7.0.201602121829/tools/compiler/bin/../lib/gcc/arm-none-eabi/5.2.1/armv6-m/crtbegin.o
                0x08005f5c                PROVIDE (__init_array_end, .)

.fini_array     0x08005f5c        0x4
                [!provide]                PROVIDE (__fini_array_start, .)
 *(SORT(.fini_array.*))
 *(.fini_array*)
 .fini_array    0x08005f5c        0x4 c:/eclipse/cpp-neon/eclipse/plugins/fr.ac6.mcu.externaltools.arm-none.win32_1.7.0.201602121829/tools/compiler/bin/../lib/gcc/arm-none-eabi/5.2.1/armv6-m/crtbegin.o
                [!provide]                PROVIDE (__fini_array_end, .)
                0x08005f60                _sidata = LOADADDR (.data)

.data           0x20000000      0x1c4 load address 0x08005f60
                0x20000000                . = ALIGN (0x4)
                0x20000000                _sdata = .
 *(.data)
 .data          0x20000000      0x158 Application/User/main.o
                0x20000000                port
                0x20000040                p
                0x200000c8                q
                0x20000150                out_buffer
                0x20000154                fill_buffer
 .data          0x20000158        0x4 Drivers/CMSIS/system_stm32l0xx.o
                0x20000158                SystemCoreClock
 *(.data*)
 .data.impure_data
                0x2000015c       0x60 c:/eclipse/cpp-neon/eclipse/plugins/fr.ac6.mcu.externaltools.arm-none.win32_1.7.0.201602121829/tools/compiler/bin/../lib/gcc/arm-none-eabi/5.2.1/../../../../arm-none-eabi/lib/armv6-m\libc_nano.a(lib_a-impure.o)
 .data._impure_ptr
                0x200001bc        0x4 c:/eclipse/cpp-neon/eclipse/plugins/fr.ac6.mcu.externaltools.arm-none.win32_1.7.0.201602121829/tools/compiler/bin/../lib/gcc/arm-none-eabi/5.2.1/../../../../arm-none-eabi/lib/armv6-m\libc_nano.a(lib_a-impure.o)
                0x200001bc                _impure_ptr
 .data.__fdlib_version
                0x200001c0        0x1 c:/eclipse/cpp-neon/eclipse/plugins/fr.ac6.mcu.externaltools.arm-none.win32_1.7.0.201602121829/tools/compiler/bin/../lib/gcc/arm-none-eabi/5.2.1/../../../../arm-none-eabi/lib/armv6-m\libm.a(lib_a-s_lib_ver.o)
                0x200001c0                __fdlib_version
                0x200001c4                . = ALIGN (0x4)
 *fill*         0x200001c1        0x3 
                0x200001c4                _edata = .

.jcr            0x200001c4        0x0 load address 0x08006124
 .jcr           0x200001c4        0x0 c:/eclipse/cpp-neon/eclipse/plugins/fr.ac6.mcu.externaltools.arm-none.win32_1.7.0.201602121829/tools/compiler/bin/../lib/gcc/arm-none-eabi/5.2.1/armv6-m/crtbegin.o

.tm_clone_table
                0x200001c4        0x0 load address 0x08006124
 .tm_clone_table
                0x200001c4        0x0 c:/eclipse/cpp-neon/eclipse/plugins/fr.ac6.mcu.externaltools.arm-none.win32_1.7.0.201602121829/tools/compiler/bin/../lib/gcc/arm-none-eabi/5.2.1/armv6-m/crtbegin.o
 .tm_clone_table
                0x200001c4        0x0 c:/eclipse/cpp-neon/eclipse/plugins/fr.ac6.mcu.externaltools.arm-none.win32_1.7.0.201602121829/tools/compiler/bin/../lib/gcc/arm-none-eabi/5.2.1/armv6-m/crtend.o

.igot.plt       0x200001c4        0x0 load address 0x08006124
 .igot.plt      0x200001c4        0x0 c:/eclipse/cpp-neon/eclipse/plugins/fr.ac6.mcu.externaltools.arm-none.win32_1.7.0.201602121829/tools/compiler/bin/../lib/gcc/arm-none-eabi/5.2.1/armv6-m/crtbegin.o
                0x200001c4                . = ALIGN (0x4)

.bss            0x200001c8      0x468 load address 0x08006124
                0x200001c8                _sbss = .
                0x200001c8                __bss_start__ = _sbss
 *(.bss)
 .bss           0x200001c8       0x1c c:/eclipse/cpp-neon/eclipse/plugins/fr.ac6.mcu.externaltools.arm-none.win32_1.7.0.201602121829/tools/compiler/bin/../lib/gcc/arm-none-eabi/5.2.1/armv6-m/crtbegin.o
 .bss           0x200001e4       0x54 Application/User/main.o
                0x200001e4                debug_flag
                0x200001e8                Q
 .bss           0x20000238        0x4 Drivers/STM32L0xx_HAL_Driver/stm32l0xx_hal.o
 *(.bss*)
 *(COMMON)
 *fill*         0x2000023c        0x4 
 COMMON         0x20000240      0x3b8 Application/User/main.o
                0x20000240                aux8
                0x20000244                hspi2
                0x2000029c                aux16
                0x200002a0                surface_themps
                0x200003a0                message
                0x20000420                buffer0
                0x200004a8                huart1
                0x20000518                hspi1
                0x20000570                buffer1
 COMMON         0x200005f8       0x38 Application/User/tim.o
                0x200005f8                htim2
                0x20000630                . = ALIGN (0x4)
                0x20000630                _ebss = .
                0x20000630                __bss_end__ = _ebss

._user_heap_stack
                0x20000630      0x600 load address 0x08006124
                0x20000630                . = ALIGN (0x8)
                [!provide]                PROVIDE (end, .)
                [!provide]                PROVIDE (_end, .)
                0x20000a30                . = (. + _Min_Heap_Size)
 *fill*         0x20000630      0x400 
                0x20000c30                . = (. + _Min_Stack_Size)
 *fill*         0x20000a30      0x200 
                0x20000c30                . = ALIGN (0x8)

/DISCARD/
 libc.a(*)
 libm.a(*)
 libgcc.a(*)

.ARM.attributes
                0x00000000       0x28
 *(.ARM.attributes)
 .ARM.attributes
                0x00000000       0x1e c:/eclipse/cpp-neon/eclipse/plugins/fr.ac6.mcu.externaltools.arm-none.win32_1.7.0.201602121829/tools/compiler/bin/../lib/gcc/arm-none-eabi/5.2.1/armv6-m/crti.o
 .ARM.attributes
                0x0000001e       0x2c c:/eclipse/cpp-neon/eclipse/plugins/fr.ac6.mcu.externaltools.arm-none.win32_1.7.0.201602121829/tools/compiler/bin/../lib/gcc/arm-none-eabi/5.2.1/armv6-m/crtbegin.o
 .ARM.attributes
                0x0000004a       0x22 Application/SW4STM32/startup_stm32l051xx.o
 .ARM.attributes
                0x0000006c       0x32 Application/User/gpio.o
 .ARM.attributes
                0x0000009e       0x32 Application/User/main.o
 .ARM.attributes
                0x000000d0       0x32 Application/User/spi.o
 .ARM.attributes
                0x00000102       0x32 Application/User/stm32l0xx_hal_msp.o
 .ARM.attributes
                0x00000134       0x32 Application/User/stm32l0xx_it.o
 .ARM.attributes
                0x00000166       0x32 Application/User/tim.o
 .ARM.attributes
                0x00000198       0x32 Application/User/usart.o
 .ARM.attributes
                0x000001ca       0x32 Drivers/CMSIS/system_stm32l0xx.o
 .ARM.attributes
                0x000001fc       0x32 Drivers/STM32L0xx_HAL_Driver/stm32l0xx_hal.o
 .ARM.attributes
                0x0000022e       0x32 Drivers/STM32L0xx_HAL_Driver/stm32l0xx_hal_cortex.o
 .ARM.attributes
                0x00000260       0x32 Drivers/STM32L0xx_HAL_Driver/stm32l0xx_hal_gpio.o
 .ARM.attributes
                0x00000292       0x32 Drivers/STM32L0xx_HAL_Driver/stm32l0xx_hal_rcc.o
 .ARM.attributes
                0x000002c4       0x32 Drivers/STM32L0xx_HAL_Driver/stm32l0xx_hal_rcc_ex.o
 .ARM.attributes
                0x000002f6       0x32 Drivers/STM32L0xx_HAL_Driver/stm32l0xx_hal_spi.o
 .ARM.attributes
                0x00000328       0x32 Drivers/STM32L0xx_HAL_Driver/stm32l0xx_hal_tim.o
 .ARM.attributes
                0x0000035a       0x32 Drivers/STM32L0xx_HAL_Driver/stm32l0xx_hal_tim_ex.o
 .ARM.attributes
                0x0000038c       0x32 Drivers/STM32L0xx_HAL_Driver/stm32l0xx_hal_uart.o
 .ARM.attributes
                0x000003be       0x1e c:/eclipse/cpp-neon/eclipse/plugins/fr.ac6.mcu.externaltools.arm-none.win32_1.7.0.201602121829/tools/compiler/bin/../lib/gcc/arm-none-eabi/5.2.1/armv6-m\libgcc.a(_udivsi3.o)
 .ARM.attributes
                0x000003dc       0x1e c:/eclipse/cpp-neon/eclipse/plugins/fr.ac6.mcu.externaltools.arm-none.win32_1.7.0.201602121829/tools/compiler/bin/../lib/gcc/arm-none-eabi/5.2.1/armv6-m\libgcc.a(_dvmd_tls.o)
 .ARM.attributes
                0x000003fa       0x2c c:/eclipse/cpp-neon/eclipse/plugins/fr.ac6.mcu.externaltools.arm-none.win32_1.7.0.201602121829/tools/compiler/bin/../lib/gcc/arm-none-eabi/5.2.1/armv6-m\libgcc.a(_fixunsdfsi.o)
 .ARM.attributes
                0x00000426       0x2c c:/eclipse/cpp-neon/eclipse/plugins/fr.ac6.mcu.externaltools.arm-none.win32_1.7.0.201602121829/tools/compiler/bin/../lib/gcc/arm-none-eabi/5.2.1/armv6-m\libgcc.a(adddf3.o)
 .ARM.attributes
                0x00000452       0x2c c:/eclipse/cpp-neon/eclipse/plugins/fr.ac6.mcu.externaltools.arm-none.win32_1.7.0.201602121829/tools/compiler/bin/../lib/gcc/arm-none-eabi/5.2.1/armv6-m\libgcc.a(divdf3.o)
 .ARM.attributes
                0x0000047e       0x2c c:/eclipse/cpp-neon/eclipse/plugins/fr.ac6.mcu.externaltools.arm-none.win32_1.7.0.201602121829/tools/compiler/bin/../lib/gcc/arm-none-eabi/5.2.1/armv6-m\libgcc.a(muldf3.o)
 .ARM.attributes
                0x000004aa       0x2c c:/eclipse/cpp-neon/eclipse/plugins/fr.ac6.mcu.externaltools.arm-none.win32_1.7.0.201602121829/tools/compiler/bin/../lib/gcc/arm-none-eabi/5.2.1/armv6-m\libgcc.a(subdf3.o)
 .ARM.attributes
                0x000004d6       0x2c c:/eclipse/cpp-neon/eclipse/plugins/fr.ac6.mcu.externaltools.arm-none.win32_1.7.0.201602121829/tools/compiler/bin/../lib/gcc/arm-none-eabi/5.2.1/armv6-m\libgcc.a(fixdfsi.o)
 .ARM.attributes
                0x00000502       0x2c c:/eclipse/cpp-neon/eclipse/plugins/fr.ac6.mcu.externaltools.arm-none.win32_1.7.0.201602121829/tools/compiler/bin/../lib/gcc/arm-none-eabi/5.2.1/armv6-m\libgcc.a(floatsidf.o)
 .ARM.attributes
                0x0000052e       0x2c c:/eclipse/cpp-neon/eclipse/plugins/fr.ac6.mcu.externaltools.arm-none.win32_1.7.0.201602121829/tools/compiler/bin/../lib/gcc/arm-none-eabi/5.2.1/armv6-m\libgcc.a(floatunsidf.o)
 .ARM.attributes
                0x0000055a       0x1e c:/eclipse/cpp-neon/eclipse/plugins/fr.ac6.mcu.externaltools.arm-none.win32_1.7.0.201602121829/tools/compiler/bin/../lib/gcc/arm-none-eabi/5.2.1/armv6-m\libgcc.a(_arm_cmpdf2.o)
 .ARM.attributes
                0x00000578       0x1e c:/eclipse/cpp-neon/eclipse/plugins/fr.ac6.mcu.externaltools.arm-none.win32_1.7.0.201602121829/tools/compiler/bin/../lib/gcc/arm-none-eabi/5.2.1/armv6-m\libgcc.a(_clzsi2.o)
 .ARM.attributes
                0x00000596       0x2c c:/eclipse/cpp-neon/eclipse/plugins/fr.ac6.mcu.externaltools.arm-none.win32_1.7.0.201602121829/tools/compiler/bin/../lib/gcc/arm-none-eabi/5.2.1/armv6-m\libgcc.a(eqdf2.o)
 .ARM.attributes
                0x000005c2       0x2c c:/eclipse/cpp-neon/eclipse/plugins/fr.ac6.mcu.externaltools.arm-none.win32_1.7.0.201602121829/tools/compiler/bin/../lib/gcc/arm-none-eabi/5.2.1/armv6-m\libgcc.a(gedf2.o)
 .ARM.attributes
                0x000005ee       0x2c c:/eclipse/cpp-neon/eclipse/plugins/fr.ac6.mcu.externaltools.arm-none.win32_1.7.0.201602121829/tools/compiler/bin/../lib/gcc/arm-none-eabi/5.2.1/armv6-m\libgcc.a(ledf2.o)
 .ARM.attributes
                0x0000061a       0x2c c:/eclipse/cpp-neon/eclipse/plugins/fr.ac6.mcu.externaltools.arm-none.win32_1.7.0.201602121829/tools/compiler/bin/../lib/gcc/arm-none-eabi/5.2.1/../../../../arm-none-eabi/lib/armv6-m\libc_nano.a(lib_a-errno.o)
 .ARM.attributes
                0x00000646       0x2c c:/eclipse/cpp-neon/eclipse/plugins/fr.ac6.mcu.externaltools.arm-none.win32_1.7.0.201602121829/tools/compiler/bin/../lib/gcc/arm-none-eabi/5.2.1/../../../../arm-none-eabi/lib/armv6-m\libc_nano.a(lib_a-impure.o)
 .ARM.attributes
                0x00000672       0x2c c:/eclipse/cpp-neon/eclipse/plugins/fr.ac6.mcu.externaltools.arm-none.win32_1.7.0.201602121829/tools/compiler/bin/../lib/gcc/arm-none-eabi/5.2.1/../../../../arm-none-eabi/lib/armv6-m\libc_nano.a(lib_a-init.o)
 .ARM.attributes
                0x0000069e       0x2c c:/eclipse/cpp-neon/eclipse/plugins/fr.ac6.mcu.externaltools.arm-none.win32_1.7.0.201602121829/tools/compiler/bin/../lib/gcc/arm-none-eabi/5.2.1/armv6-m/crtend.o
 .ARM.attributes
                0x000006ca       0x1e c:/eclipse/cpp-neon/eclipse/plugins/fr.ac6.mcu.externaltools.arm-none.win32_1.7.0.201602121829/tools/compiler/bin/../lib/gcc/arm-none-eabi/5.2.1/armv6-m/crtn.o
OUTPUT(l051_thermomtria_00_01.elf elf32-littlearm)

.debug_line     0x00000000     0xc4bd
 .debug_line    0x00000000      0x10a Application/SW4STM32/startup_stm32l051xx.o
 .debug_line    0x0000010a      0x8d1 Application/User/gpio.o
 .debug_line    0x000009db      0xde8 Application/User/main.o
 .debug_line    0x000017c3      0x913 Application/User/spi.o
 .debug_line    0x000020d6      0x8ac Application/User/stm32l0xx_hal_msp.o
 .debug_line    0x00002982      0x911 Application/User/stm32l0xx_it.o
 .debug_line    0x00003293      0x8d6 Application/User/tim.o
 .debug_line    0x00003b69      0x8eb Application/User/usart.o
 .debug_line    0x00004454      0x90b Drivers/CMSIS/system_stm32l0xx.o
 .debug_line    0x00004d5f      0xab1 Drivers/STM32L0xx_HAL_Driver/stm32l0xx_hal.o
 .debug_line    0x00005810      0xaae Drivers/STM32L0xx_HAL_Driver/stm32l0xx_hal_cortex.o
 .debug_line    0x000062be      0xa47 Drivers/STM32L0xx_HAL_Driver/stm32l0xx_hal_gpio.o
 .debug_line    0x00006d05      0xb34 Drivers/STM32L0xx_HAL_Driver/stm32l0xx_hal_rcc.o
 .debug_line    0x00007839      0xa4c Drivers/STM32L0xx_HAL_Driver/stm32l0xx_hal_rcc_ex.o
 .debug_line    0x00008285     0x10ce Drivers/STM32L0xx_HAL_Driver/stm32l0xx_hal_spi.o
 .debug_line    0x00009353     0x17c0 Drivers/STM32L0xx_HAL_Driver/stm32l0xx_hal_tim.o
 .debug_line    0x0000ab13      0x932 Drivers/STM32L0xx_HAL_Driver/stm32l0xx_hal_tim_ex.o
 .debug_line    0x0000b445     0x1078 Drivers/STM32L0xx_HAL_Driver/stm32l0xx_hal_uart.o

.debug_info     0x00000000     0x9c1e
 .debug_info    0x00000000      0x14d Application/SW4STM32/startup_stm32l051xx.o
 .debug_info    0x0000014d      0x373 Application/User/gpio.o
 .debug_info    0x000004c0     0x12d0 Application/User/main.o
 .debug_info    0x00001790      0x844 Application/User/spi.o
 .debug_info    0x00001fd4      0x287 Application/User/stm32l0xx_hal_msp.o
 .debug_info    0x0000225b      0x2f7 Application/User/stm32l0xx_it.o
 .debug_info    0x00002552      0x6ce Application/User/tim.o
 .debug_info    0x00002c20      0x7e0 Application/User/usart.o
 .debug_info    0x00003400      0x344 Drivers/CMSIS/system_stm32l0xx.o
 .debug_info    0x00003744      0x6b7 Drivers/STM32L0xx_HAL_Driver/stm32l0xx_hal.o
 .debug_info    0x00003dfb      0x7d3 Drivers/STM32L0xx_HAL_Driver/stm32l0xx_hal_cortex.o
 .debug_info    0x000045ce      0x615 Drivers/STM32L0xx_HAL_Driver/stm32l0xx_hal_gpio.o
 .debug_info    0x00004be3      0x7ff Drivers/STM32L0xx_HAL_Driver/stm32l0xx_hal_rcc.o
 .debug_info    0x000053e2      0x44d Drivers/STM32L0xx_HAL_Driver/stm32l0xx_hal_rcc_ex.o
 .debug_info    0x0000582f      0xe2b Drivers/STM32L0xx_HAL_Driver/stm32l0xx_hal_spi.o
 .debug_info    0x0000665a     0x206e Drivers/STM32L0xx_HAL_Driver/stm32l0xx_hal_tim.o
 .debug_info    0x000086c8      0x576 Drivers/STM32L0xx_HAL_Driver/stm32l0xx_hal_tim_ex.o
 .debug_info    0x00008c3e      0xfe0 Drivers/STM32L0xx_HAL_Driver/stm32l0xx_hal_uart.o

.debug_abbrev   0x00000000     0x1aca
 .debug_abbrev  0x00000000       0x12 Application/SW4STM32/startup_stm32l051xx.o
 .debug_abbrev  0x00000012      0x107 Application/User/gpio.o
 .debug_abbrev  0x00000119      0x228 Application/User/main.o
 .debug_abbrev  0x00000341      0x15c Application/User/spi.o
 .debug_abbrev  0x0000049d       0xa7 Application/User/stm32l0xx_hal_msp.o
 .debug_abbrev  0x00000544      0x105 Application/User/stm32l0xx_it.o
 .debug_abbrev  0x00000649      0x16b Application/User/tim.o
 .debug_abbrev  0x000007b4      0x15c Application/User/usart.o
 .debug_abbrev  0x00000910       0xf3 Drivers/CMSIS/system_stm32l0xx.o
 .debug_abbrev  0x00000a03      0x1c3 Drivers/STM32L0xx_HAL_Driver/stm32l0xx_hal.o
 .debug_abbrev  0x00000bc6      0x24e Drivers/STM32L0xx_HAL_Driver/stm32l0xx_hal_cortex.o
 .debug_abbrev  0x00000e14      0x1ab Drivers/STM32L0xx_HAL_Driver/stm32l0xx_hal_gpio.o
 .debug_abbrev  0x00000fbf      0x214 Drivers/STM32L0xx_HAL_Driver/stm32l0xx_hal_rcc.o
 .debug_abbrev  0x000011d3      0x1a4 Drivers/STM32L0xx_HAL_Driver/stm32l0xx_hal_rcc_ex.o
 .debug_abbrev  0x00001377      0x1eb Drivers/STM32L0xx_HAL_Driver/stm32l0xx_hal_spi.o
 .debug_abbrev  0x00001562      0x21b Drivers/STM32L0xx_HAL_Driver/stm32l0xx_hal_tim.o
 .debug_abbrev  0x0000177d      0x15c Drivers/STM32L0xx_HAL_Driver/stm32l0xx_hal_tim_ex.o
 .debug_abbrev  0x000018d9      0x1f1 Drivers/STM32L0xx_HAL_Driver/stm32l0xx_hal_uart.o

.debug_aranges  0x00000000      0xaf8
 .debug_aranges
                0x00000000       0x28 Application/SW4STM32/startup_stm32l051xx.o
 .debug_aranges
                0x00000028       0x20 Application/User/gpio.o
 .debug_aranges
                0x00000048       0x70 Application/User/main.o
 .debug_aranges
                0x000000b8       0x38 Application/User/spi.o
 .debug_aranges
                0x000000f0       0x20 Application/User/stm32l0xx_hal_msp.o
 .debug_aranges
                0x00000110       0x28 Application/User/stm32l0xx_it.o
 .debug_aranges
                0x00000138       0x30 Application/User/tim.o
 .debug_aranges
                0x00000168       0x30 Application/User/usart.o
 .debug_aranges
                0x00000198       0x28 Drivers/CMSIS/system_stm32l0xx.o
 .debug_aranges
                0x000001c0       0xf0 Drivers/STM32L0xx_HAL_Driver/stm32l0xx_hal.o
 .debug_aranges
                0x000002b0       0xc8 Drivers/STM32L0xx_HAL_Driver/stm32l0xx_hal_cortex.o
 .debug_aranges
                0x00000378       0x58 Drivers/STM32L0xx_HAL_Driver/stm32l0xx_hal_gpio.o
 .debug_aranges
                0x000003d0       0x80 Drivers/STM32L0xx_HAL_Driver/stm32l0xx_hal_rcc.o
 .debug_aranges
                0x00000450       0x60 Drivers/STM32L0xx_HAL_Driver/stm32l0xx_hal_rcc_ex.o
 .debug_aranges
                0x000004b0      0x150 Drivers/STM32L0xx_HAL_Driver/stm32l0xx_hal_spi.o
 .debug_aranges
                0x00000600      0x368 Drivers/STM32L0xx_HAL_Driver/stm32l0xx_hal_tim.o
 .debug_aranges
                0x00000968       0x28 Drivers/STM32L0xx_HAL_Driver/stm32l0xx_hal_tim_ex.o
 .debug_aranges
                0x00000990      0x168 Drivers/STM32L0xx_HAL_Driver/stm32l0xx_hal_uart.o

.debug_ranges   0x00000000      0x9e0
 .debug_ranges  0x00000000       0x20 Application/SW4STM32/startup_stm32l051xx.o
 .debug_ranges  0x00000020       0x10 Application/User/gpio.o
 .debug_ranges  0x00000030       0x60 Application/User/main.o
 .debug_ranges  0x00000090       0x28 Application/User/spi.o
 .debug_ranges  0x000000b8       0x10 Application/User/stm32l0xx_hal_msp.o
 .debug_ranges  0x000000c8       0x18 Application/User/stm32l0xx_it.o
 .debug_ranges  0x000000e0       0x20 Application/User/tim.o
 .debug_ranges  0x00000100       0x20 Application/User/usart.o
 .debug_ranges  0x00000120       0x18 Drivers/CMSIS/system_stm32l0xx.o
 .debug_ranges  0x00000138       0xe0 Drivers/STM32L0xx_HAL_Driver/stm32l0xx_hal.o
 .debug_ranges  0x00000218       0xb8 Drivers/STM32L0xx_HAL_Driver/stm32l0xx_hal_cortex.o
 .debug_ranges  0x000002d0       0x48 Drivers/STM32L0xx_HAL_Driver/stm32l0xx_hal_gpio.o
 .debug_ranges  0x00000318       0x70 Drivers/STM32L0xx_HAL_Driver/stm32l0xx_hal_rcc.o
 .debug_ranges  0x00000388       0x50 Drivers/STM32L0xx_HAL_Driver/stm32l0xx_hal_rcc_ex.o
 .debug_ranges  0x000003d8      0x140 Drivers/STM32L0xx_HAL_Driver/stm32l0xx_hal_spi.o
 .debug_ranges  0x00000518      0x358 Drivers/STM32L0xx_HAL_Driver/stm32l0xx_hal_tim.o
 .debug_ranges  0x00000870       0x18 Drivers/STM32L0xx_HAL_Driver/stm32l0xx_hal_tim_ex.o
 .debug_ranges  0x00000888      0x158 Drivers/STM32L0xx_HAL_Driver/stm32l0xx_hal_uart.o

.debug_macro    0x00000000     0xfecd
 .debug_macro   0x00000000      0x29c Application/User/gpio.o
 .debug_macro   0x0000029c      0x82c Application/User/gpio.o
 .debug_macro   0x00000ac8       0x28 Application/User/gpio.o
 .debug_macro   0x00000af0       0xa2 Application/User/gpio.o
 .debug_macro   0x00000b92       0x2e Application/User/gpio.o
 .debug_macro   0x00000bc0       0x28 Application/User/gpio.o
 .debug_macro   0x00000be8       0x22 Application/User/gpio.o
 .debug_macro   0x00000c0a       0x44 Application/User/gpio.o
 .debug_macro   0x00000c4e       0x1c Application/User/gpio.o
 .debug_macro   0x00000c6a      0x1f7 Application/User/gpio.o
 .debug_macro   0x00000e61       0x34 Application/User/gpio.o
 .debug_macro   0x00000e95       0x26 Application/User/gpio.o
 .debug_macro   0x00000ebb      0x44f Application/User/gpio.o
 .debug_macro   0x0000130a     0x3dc2 Application/User/gpio.o
 .debug_macro   0x000050cc       0x3c Application/User/gpio.o
 .debug_macro   0x00005108     0x31a7 Application/User/gpio.o
 .debug_macro   0x000082af       0x58 Application/User/gpio.o
 .debug_macro   0x00008307       0x35 Application/User/gpio.o
 .debug_macro   0x0000833c       0x9c Application/User/gpio.o
 .debug_macro   0x000083d8       0x16 Application/User/gpio.o
 .debug_macro   0x000083ee       0x97 Application/User/gpio.o
 .debug_macro   0x00008485      0x29d Application/User/gpio.o
 .debug_macro   0x00008722       0xef Application/User/gpio.o
 .debug_macro   0x00008811       0x10 Application/User/gpio.o
 .debug_macro   0x00008821       0x52 Application/User/gpio.o
 .debug_macro   0x00008873       0x16 Application/User/gpio.o
 .debug_macro   0x00008889       0x43 Application/User/gpio.o
 .debug_macro   0x000088cc      0x180 Application/User/gpio.o
 .debug_macro   0x00008a4c       0x10 Application/User/gpio.o
 .debug_macro   0x00008a5c       0x22 Application/User/gpio.o
 .debug_macro   0x00008a7e       0xbd Application/User/gpio.o
 .debug_macro   0x00008b3b       0x16 Application/User/gpio.o
 .debug_macro   0x00008b51      0x196 Application/User/gpio.o
 .debug_macro   0x00008ce7       0x50 Application/User/gpio.o
 .debug_macro   0x00008d37      0x7c1 Application/User/gpio.o
 .debug_macro   0x000094f8      0x4f6 Application/User/gpio.o
 .debug_macro   0x000099ee      0x14d Application/User/gpio.o
 .debug_macro   0x00009b3b      0x168 Application/User/gpio.o
 .debug_macro   0x00009ca3      0x26b Application/User/gpio.o
 .debug_macro   0x00009f0e      0x1ef Application/User/gpio.o
 .debug_macro   0x0000a0fd      0x120 Application/User/gpio.o
 .debug_macro   0x0000a21d      0x2bf Application/User/gpio.o
 .debug_macro   0x0000a4dc       0x12 Application/User/gpio.o
 .debug_macro   0x0000a4ee      0x1d0 Application/User/gpio.o
 .debug_macro   0x0000a6be       0x4d Application/User/gpio.o
 .debug_macro   0x0000a70b       0x66 Application/User/gpio.o
 .debug_macro   0x0000a771      0x189 Application/User/gpio.o
 .debug_macro   0x0000a8fa       0x16 Application/User/gpio.o
 .debug_macro   0x0000a910      0x202 Application/User/gpio.o
 .debug_macro   0x0000ab12      0x703 Application/User/gpio.o
 .debug_macro   0x0000b215      0x120 Application/User/gpio.o
 .debug_macro   0x0000b335      0x535 Application/User/gpio.o
 .debug_macro   0x0000b86a       0x77 Application/User/gpio.o
 .debug_macro   0x0000b8e1      0x13f Application/User/gpio.o
 .debug_macro   0x0000ba20      0x34a Application/User/main.o
 .debug_macro   0x0000bd6a      0x832 Application/User/main.o
 .debug_macro   0x0000c59c       0xfd Application/User/main.o
 .debug_macro   0x0000c699       0x22 Application/User/main.o
 .debug_macro   0x0000c6bb      0x1df Application/User/main.o
 .debug_macro   0x0000c89a       0x58 Application/User/main.o
 .debug_macro   0x0000c8f2       0x9c Application/User/main.o
 .debug_macro   0x0000c98e       0x97 Application/User/main.o
 .debug_macro   0x0000ca25      0x329 Application/User/main.o
 .debug_macro   0x0000cd4e       0xfd Application/User/main.o
 .debug_macro   0x0000ce4b       0x43 Application/User/main.o
 .debug_macro   0x0000ce8e      0x187 Application/User/main.o
 .debug_macro   0x0000d015       0x10 Application/User/main.o
 .debug_macro   0x0000d025       0x3a Application/User/main.o
 .debug_macro   0x0000d05f       0x10 Application/User/main.o
 .debug_macro   0x0000d06f       0x40 Application/User/main.o
 .debug_macro   0x0000d0af       0x65 Application/User/main.o
 .debug_macro   0x0000d114      0x197 Application/User/main.o
 .debug_macro   0x0000d2ab       0x16 Application/User/main.o
 .debug_macro   0x0000d2c1       0x35 Application/User/main.o
 .debug_macro   0x0000d2f6      0x1e1 Application/User/main.o
 .debug_macro   0x0000d4d7       0x10 Application/User/main.o
 .debug_macro   0x0000d4e7      0x241 Application/User/main.o
 .debug_macro   0x0000d728      0x2a6 Application/User/spi.o
 .debug_macro   0x0000d9ce      0x292 Application/User/stm32l0xx_hal_msp.o
 .debug_macro   0x0000dc60      0x29c Application/User/stm32l0xx_it.o
 .debug_macro   0x0000defc      0x29c Application/User/tim.o
 .debug_macro   0x0000e198      0x2a6 Application/User/usart.o
 .debug_macro   0x0000e43e      0x298 Drivers/CMSIS/system_stm32l0xx.o
 .debug_macro   0x0000e6d6      0x2b6 Drivers/STM32L0xx_HAL_Driver/stm32l0xx_hal.o
 .debug_macro   0x0000e98c      0x292 Drivers/STM32L0xx_HAL_Driver/stm32l0xx_hal_cortex.o
 .debug_macro   0x0000ec1e      0x2cb Drivers/STM32L0xx_HAL_Driver/stm32l0xx_hal_gpio.o
 .debug_macro   0x0000eee9      0x2e0 Drivers/STM32L0xx_HAL_Driver/stm32l0xx_hal_rcc.o
 .debug_macro   0x0000f1c9      0x2a4 Drivers/STM32L0xx_HAL_Driver/stm32l0xx_hal_rcc_ex.o
 .debug_macro   0x0000f46d      0x29a Drivers/STM32L0xx_HAL_Driver/stm32l0xx_hal_spi.o
 .debug_macro   0x0000f707      0x293 Drivers/STM32L0xx_HAL_Driver/stm32l0xx_hal_tim.o
 .debug_macro   0x0000f99a      0x292 Drivers/STM32L0xx_HAL_Driver/stm32l0xx_hal_tim_ex.o
 .debug_macro   0x0000fc2c      0x2a1 Drivers/STM32L0xx_HAL_Driver/stm32l0xx_hal_uart.o

.debug_str      0x00000000    0x5839b
 .debug_str     0x00000000    0x524ae Application/User/gpio.o
                              0x527cd (size before relaxing)
 .debug_str     0x000524ae     0x32da Application/User/main.o
                              0x54c4f (size before relaxing)
 .debug_str     0x00055788       0xa6 Application/User/spi.o
                              0x52d04 (size before relaxing)
 .debug_str     0x0005582e       0x7f Application/User/stm32l0xx_hal_msp.o
                              0x5289b (size before relaxing)
 .debug_str     0x000558ad       0xc5 Application/User/stm32l0xx_it.o
                              0x527a3 (size before relaxing)
 .debug_str     0x00055972      0x2cd Application/User/tim.o
                              0x52ba1 (size before relaxing)
 .debug_str     0x00055c3f       0xa5 Application/User/usart.o
                              0x52c26 (size before relaxing)
 .debug_str     0x00055ce4      0x143 Drivers/CMSIS/system_stm32l0xx.o
                              0x5280f (size before relaxing)
 .debug_str     0x00055e27      0x454 Drivers/STM32L0xx_HAL_Driver/stm32l0xx_hal.o
                              0x52d81 (size before relaxing)
 .debug_str     0x0005627b      0x2dc Drivers/STM32L0xx_HAL_Driver/stm32l0xx_hal_cortex.o
                              0x52ba0 (size before relaxing)
 .debug_str     0x00056557      0x292 Drivers/STM32L0xx_HAL_Driver/stm32l0xx_hal_gpio.o
                              0x52a52 (size before relaxing)
 .debug_str     0x000567e9      0x392 Drivers/STM32L0xx_HAL_Driver/stm32l0xx_hal_rcc.o
                              0x52cf4 (size before relaxing)
 .debug_str     0x00056b7b      0x1d8 Drivers/STM32L0xx_HAL_Driver/stm32l0xx_hal_rcc_ex.o
                              0x529d2 (size before relaxing)
 .debug_str     0x00056d53      0x3bc Drivers/STM32L0xx_HAL_Driver/stm32l0xx_hal_spi.o
                              0x52e25 (size before relaxing)
 .debug_str     0x0005710f      0xc91 Drivers/STM32L0xx_HAL_Driver/stm32l0xx_hal_tim.o
                              0x5378b (size before relaxing)
 .debug_str     0x00057da0       0xd5 Drivers/STM32L0xx_HAL_Driver/stm32l0xx_hal_tim_ex.o
                              0x52b05 (size before relaxing)
 .debug_str     0x00057e75      0x526 Drivers/STM32L0xx_HAL_Driver/stm32l0xx_hal_uart.o
                              0x530fd (size before relaxing)

.comment        0x00000000       0xde
 .comment       0x00000000       0x70 Application/User/gpio.o
                                 0x71 (size before relaxing)
 .comment       0x00000070       0x6e Application/User/main.o
                                 0x6f (size before relaxing)
 .comment       0x000000de       0x71 Application/User/spi.o
 .comment       0x000000de       0x71 Application/User/stm32l0xx_hal_msp.o
 .comment       0x000000de       0x71 Application/User/stm32l0xx_it.o
 .comment       0x000000de       0x71 Application/User/tim.o
 .comment       0x000000de       0x71 Application/User/usart.o
 .comment       0x000000de       0x71 Drivers/CMSIS/system_stm32l0xx.o
 .comment       0x000000de       0x71 Drivers/STM32L0xx_HAL_Driver/stm32l0xx_hal.o
 .comment       0x000000de       0x71 Drivers/STM32L0xx_HAL_Driver/stm32l0xx_hal_cortex.o
 .comment       0x000000de       0x71 Drivers/STM32L0xx_HAL_Driver/stm32l0xx_hal_gpio.o
 .comment       0x000000de       0x71 Drivers/STM32L0xx_HAL_Driver/stm32l0xx_hal_rcc.o
 .comment       0x000000de       0x71 Drivers/STM32L0xx_HAL_Driver/stm32l0xx_hal_rcc_ex.o
 .comment       0x000000de       0x71 Drivers/STM32L0xx_HAL_Driver/stm32l0xx_hal_spi.o
 .comment       0x000000de       0x71 Drivers/STM32L0xx_HAL_Driver/stm32l0xx_hal_tim.o
 .comment       0x000000de       0x71 Drivers/STM32L0xx_HAL_Driver/stm32l0xx_hal_tim_ex.o
 .comment       0x000000de       0x71 Drivers/STM32L0xx_HAL_Driver/stm32l0xx_hal_uart.o

.debug_frame    0x00000000     0x27f0
 .debug_frame   0x00000000       0x30 Application/User/gpio.o
 .debug_frame   0x00000030      0x168 Application/User/main.o
 .debug_frame   0x00000198       0x88 Application/User/spi.o
 .debug_frame   0x00000220       0x2c Application/User/stm32l0xx_hal_msp.o
 .debug_frame   0x0000024c       0x4c Application/User/stm32l0xx_it.o
 .debug_frame   0x00000298       0x70 Application/User/tim.o
 .debug_frame   0x00000308       0x6c Application/User/usart.o
 .debug_frame   0x00000374       0x4c Drivers/CMSIS/system_stm32l0xx.o
 .debug_frame   0x000003c0      0x318 Drivers/STM32L0xx_HAL_Driver/stm32l0xx_hal.o
 .debug_frame   0x000006d8      0x2c4 Drivers/STM32L0xx_HAL_Driver/stm32l0xx_hal_cortex.o
 .debug_frame   0x0000099c      0x110 Drivers/STM32L0xx_HAL_Driver/stm32l0xx_hal_gpio.o
 .debug_frame   0x00000aac      0x194 Drivers/STM32L0xx_HAL_Driver/stm32l0xx_hal_rcc.o
 .debug_frame   0x00000c40      0x11c Drivers/STM32L0xx_HAL_Driver/stm32l0xx_hal_rcc_ex.o
 .debug_frame   0x00000d5c      0x4f0 Drivers/STM32L0xx_HAL_Driver/stm32l0xx_hal_spi.o
 .debug_frame   0x0000124c      0xd50 Drivers/STM32L0xx_HAL_Driver/stm32l0xx_hal_tim.o
 .debug_frame   0x00001f9c       0x50 Drivers/STM32L0xx_HAL_Driver/stm32l0xx_hal_tim_ex.o
 .debug_frame   0x00001fec      0x554 Drivers/STM32L0xx_HAL_Driver/stm32l0xx_hal_uart.o
 .debug_frame   0x00002540       0x20 c:/eclipse/cpp-neon/eclipse/plugins/fr.ac6.mcu.externaltools.arm-none.win32_1.7.0.201602121829/tools/compiler/bin/../lib/gcc/arm-none-eabi/5.2.1/armv6-m\libgcc.a(_udivsi3.o)
 .debug_frame   0x00002560       0x2c c:/eclipse/cpp-neon/eclipse/plugins/fr.ac6.mcu.externaltools.arm-none.win32_1.7.0.201602121829/tools/compiler/bin/../lib/gcc/arm-none-eabi/5.2.1/armv6-m\libgcc.a(_fixunsdfsi.o)
 .debug_frame   0x0000258c       0x3c c:/eclipse/cpp-neon/eclipse/plugins/fr.ac6.mcu.externaltools.arm-none.win32_1.7.0.201602121829/tools/compiler/bin/../lib/gcc/arm-none-eabi/5.2.1/armv6-m\libgcc.a(adddf3.o)
 .debug_frame   0x000025c8       0x3c c:/eclipse/cpp-neon/eclipse/plugins/fr.ac6.mcu.externaltools.arm-none.win32_1.7.0.201602121829/tools/compiler/bin/../lib/gcc/arm-none-eabi/5.2.1/armv6-m\libgcc.a(divdf3.o)
 .debug_frame   0x00002604       0x3c c:/eclipse/cpp-neon/eclipse/plugins/fr.ac6.mcu.externaltools.arm-none.win32_1.7.0.201602121829/tools/compiler/bin/../lib/gcc/arm-none-eabi/5.2.1/armv6-m\libgcc.a(muldf3.o)
 .debug_frame   0x00002640       0x38 c:/eclipse/cpp-neon/eclipse/plugins/fr.ac6.mcu.externaltools.arm-none.win32_1.7.0.201602121829/tools/compiler/bin/../lib/gcc/arm-none-eabi/5.2.1/armv6-m\libgcc.a(subdf3.o)
 .debug_frame   0x00002678       0x2c c:/eclipse/cpp-neon/eclipse/plugins/fr.ac6.mcu.externaltools.arm-none.win32_1.7.0.201602121829/tools/compiler/bin/../lib/gcc/arm-none-eabi/5.2.1/armv6-m\libgcc.a(fixdfsi.o)
 .debug_frame   0x000026a4       0x2c c:/eclipse/cpp-neon/eclipse/plugins/fr.ac6.mcu.externaltools.arm-none.win32_1.7.0.201602121829/tools/compiler/bin/../lib/gcc/arm-none-eabi/5.2.1/armv6-m\libgcc.a(floatsidf.o)
 .debug_frame   0x000026d0       0x2c c:/eclipse/cpp-neon/eclipse/plugins/fr.ac6.mcu.externaltools.arm-none.win32_1.7.0.201602121829/tools/compiler/bin/../lib/gcc/arm-none-eabi/5.2.1/armv6-m\libgcc.a(floatunsidf.o)
 .debug_frame   0x000026fc       0x38 c:/eclipse/cpp-neon/eclipse/plugins/fr.ac6.mcu.externaltools.arm-none.win32_1.7.0.201602121829/tools/compiler/bin/../lib/gcc/arm-none-eabi/5.2.1/armv6-m\libgcc.a(eqdf2.o)
 .debug_frame   0x00002734       0x38 c:/eclipse/cpp-neon/eclipse/plugins/fr.ac6.mcu.externaltools.arm-none.win32_1.7.0.201602121829/tools/compiler/bin/../lib/gcc/arm-none-eabi/5.2.1/armv6-m\libgcc.a(gedf2.o)
 .debug_frame   0x0000276c       0x38 c:/eclipse/cpp-neon/eclipse/plugins/fr.ac6.mcu.externaltools.arm-none.win32_1.7.0.201602121829/tools/compiler/bin/../lib/gcc/arm-none-eabi/5.2.1/armv6-m\libgcc.a(ledf2.o)
 .debug_frame   0x000027a4       0x20 c:/eclipse/cpp-neon/eclipse/plugins/fr.ac6.mcu.externaltools.arm-none.win32_1.7.0.201602121829/tools/compiler/bin/../lib/gcc/arm-none-eabi/5.2.1/../../../../arm-none-eabi/lib/armv6-m\libc_nano.a(lib_a-errno.o)
 .debug_frame   0x000027c4       0x2c c:/eclipse/cpp-neon/eclipse/plugins/fr.ac6.mcu.externaltools.arm-none.win32_1.7.0.201602121829/tools/compiler/bin/../lib/gcc/arm-none-eabi/5.2.1/../../../../arm-none-eabi/lib/armv6-m\libc_nano.a(lib_a-init.o)
